Password:nginx: [warn] conflicting server name "localhost" on 0.0.0.0:80, ignored
Password:nginx: [warn] conflicting server name "localhost" on 0.0.0.0:80, ignored
